[1.084s] Invoking command in '/home/joaco/ws_mobile/src/mobile_robot': PYTHONPATH=/home/joaco/ws_mobile/build/mobile_robot/prefix_override:/usr/lib/python3/dist-packages/colcon_core/task/python/colcon_distutils_commands:/home/joaco/ws_mobile/install/mobile_robot/lib/python3.12/site-packages:${PYTHONPATH} /usr/bin/python3 -W ignore:setup.py install is deprecated -W ignore:easy_install command is deprecated setup.py egg_info --egg-base ../../build/mobile_robot build --build-base /home/joaco/ws_mobile/build/mobile_robot/build install --record /home/joaco/ws_mobile/build/mobile_robot/install.log --single-version-externally-managed install_data
[1.339s] running egg_info
[1.359s] writing ../../build/mobile_robot/mobile_robot.egg-info/PKG-INFO
[1.361s] writing dependency_links to ../../build/mobile_robot/mobile_robot.egg-info/dependency_links.txt
[1.361s] writing entry points to ../../build/mobile_robot/mobile_robot.egg-info/entry_points.txt
[1.361s] writing requirements to ../../build/mobile_robot/mobile_robot.egg-info/requires.txt
[1.362s] writing top-level names to ../../build/mobile_robot/mobile_robot.egg-info/top_level.txt
[1.401s] reading manifest file '../../build/mobile_robot/mobile_robot.egg-info/SOURCES.txt'
[1.403s] writing manifest file '../../build/mobile_robot/mobile_robot.egg-info/SOURCES.txt'
[1.403s] running build
[1.403s] running build_py
[1.404s] running install
[1.409s] running install_lib
[1.431s] running install_data
[1.434s] running install_egg_info
[1.455s] removing '/home/joaco/ws_mobile/install/mobile_robot/lib/python3.12/site-packages/mobile_robot-0.0.0-py3.12.egg-info' (and everything under it)
[1.455s] Copying ../../build/mobile_robot/mobile_robot.egg-info to /home/joaco/ws_mobile/install/mobile_robot/lib/python3.12/site-packages/mobile_robot-0.0.0-py3.12.egg-info
[1.458s] running install_scripts
[1.591s] Installing lidar_min script to /home/joaco/ws_mobile/install/mobile_robot/lib/mobile_robot
[1.592s] writing list of installed files to '/home/joaco/ws_mobile/build/mobile_robot/install.log'
[1.616s] Invoked command in '/home/joaco/ws_mobile/src/mobile_robot' returned '0': PYTHONPATH=/home/joaco/ws_mobile/build/mobile_robot/prefix_override:/usr/lib/python3/dist-packages/colcon_core/task/python/colcon_distutils_commands:/home/joaco/ws_mobile/install/mobile_robot/lib/python3.12/site-packages:${PYTHONPATH} /usr/bin/python3 -W ignore:setup.py install is deprecated -W ignore:easy_install command is deprecated setup.py egg_info --egg-base ../../build/mobile_robot build --build-base /home/joaco/ws_mobile/build/mobile_robot/build install --record /home/joaco/ws_mobile/build/mobile_robot/install.log --single-version-externally-managed install_data
