/home/joaco/ws_mobile/install/mobile_robot/lib/python3.12/site-packages/mobile_robot/lidar_min.py
/home/joaco/ws_mobile/install/mobile_robot/lib/python3.12/site-packages/mobile_robot/__init__.py
/home/joaco/ws_mobile/install/mobile_robot/lib/python3.12/site-packages/mobile_robot/__pycache__/lidar_min.cpython-312.pyc
/home/joaco/ws_mobile/install/mobile_robot/lib/python3.12/site-packages/mobile_robot/__pycache__/__init__.cpython-312.pyc
/home/joaco/ws_mobile/install/mobile_robot/share/ament_index/resource_index/packages/mobile_robot
/home/joaco/ws_mobile/install/mobile_robot/share/mobile_robot/package.xml
/home/joaco/ws_mobile/install/mobile_robot/share/mobile_robot/launch/localization.launch.py
/home/joaco/ws_mobile/install/mobile_robot/share/mobile_robot/launch/slam.launch.py
/home/joaco/ws_mobile/install/mobile_robot/share/mobile_robot/launch/gazebo_model.launch.py
/home/joaco/ws_mobile/install/mobile_robot/share/mobile_robot/launch/gazebo_model.launch copy.py
/home/joaco/ws_mobile/install/mobile_robot/share/mobile_robot/world/laberinto_prueba.sdf
/home/joaco/ws_mobile/install/mobile_robot/share/mobile_robot/world/maze.sdf
/home/joaco/ws_mobile/install/mobile_robot/share/mobile_robot/parameters/amcl_params.yaml
/home/joaco/ws_mobile/install/mobile_robot/share/mobile_robot/parameters/bridge_parameters.yaml
/home/joaco/ws_mobile/install/mobile_robot/share/mobile_robot/parameters/slam_params.yaml
/home/joaco/ws_mobile/install/mobile_robot/share/mobile_robot/model/maze_model_rs
/home/joaco/ws_mobile/install/mobile_robot/share/mobile_robot/model/maze_model_rs/media
/home/joaco/ws_mobile/install/mobile_robot/share/mobile_robot/model/maze_model_rs/thumbnails
/home/joaco/ws_mobile/install/mobile_robot/share/mobile_robot/model/robot.xacro
/home/joaco/ws_mobile/install/mobile_robot/share/mobile_robot/model/robot.gazebo
/home/joaco/ws_mobile/install/mobile_robot/share/mobile_robot/rviz
/home/joaco/ws_mobile/install/mobile_robot/share/mobile_robot/maps/mi_mapa.yaml
/home/joaco/ws_mobile/install/mobile_robot/share/mobile_robot/maps/mi_mapa.pgm
/home/joaco/ws_mobile/install/mobile_robot/lib/python3.12/site-packages/mobile_robot-0.0.0-py3.12.egg-info/zip-safe
/home/joaco/ws_mobile/install/mobile_robot/lib/python3.12/site-packages/mobile_robot-0.0.0-py3.12.egg-info/requires.txt
/home/joaco/ws_mobile/install/mobile_robot/lib/python3.12/site-packages/mobile_robot-0.0.0-py3.12.egg-info/SOURCES.txt
/home/joaco/ws_mobile/install/mobile_robot/lib/python3.12/site-packages/mobile_robot-0.0.0-py3.12.egg-info/entry_points.txt
/home/joaco/ws_mobile/install/mobile_robot/lib/python3.12/site-packages/mobile_robot-0.0.0-py3.12.egg-info/dependency_links.txt
/home/joaco/ws_mobile/install/mobile_robot/lib/python3.12/site-packages/mobile_robot-0.0.0-py3.12.egg-info/PKG-INFO
/home/joaco/ws_mobile/install/mobile_robot/lib/python3.12/site-packages/mobile_robot-0.0.0-py3.12.egg-info/top_level.txt
/home/joaco/ws_mobile/install/mobile_robot/lib/mobile_robot/lidar_min
