running develop
running egg_info
creating mobile_robot.egg-info
writing mobile_robot.egg-info/PKG-INFO
writing dependency_links to mobile_robot.egg-info/dependency_links.txt
writing entry points to mobile_robot.egg-info/entry_points.txt
writing requirements to mobile_robot.egg-info/requires.txt
writing top-level names to mobile_robot.egg-info/top_level.txt
writing manifest file 'mobile_robot.egg-info/SOURCES.txt'
reading manifest file 'mobile_robot.egg-info/SOURCES.txt'
writing manifest file 'mobile_robot.egg-info/SOURCES.txt'
running build_ext
Creating /home/joaco/ws_mobile/install/mobile_robot/lib/python3.12/site-packages/mobile-robot.egg-link (link to .)
Installing lidar_min script to /home/joaco/ws_mobile/install/mobile_robot/lib/mobile_robot

Installed /home/joaco/ws_mobile/build/mobile_robot
running symlink_data
creating /home/joaco/ws_mobile/install/mobile_robot/share/ament_index
creating /home/joaco/ws_mobile/install/mobile_robot/share/ament_index/resource_index
creating /home/joaco/ws_mobile/install/mobile_robot/share/ament_index/resource_index/packages
symbolically linking /home/joaco/ws_mobile/build/mobile_robot/resource/mobile_robot -> /home/joaco/ws_mobile/install/mobile_robot/share/ament_index/resource_index/packages
symbolically linking /home/joaco/ws_mobile/build/mobile_robot/package.xml -> /home/joaco/ws_mobile/install/mobile_robot/share/mobile_robot
creating /home/joaco/ws_mobile/install/mobile_robot/share/mobile_robot/launch
symbolically linking /home/joaco/ws_mobile/build/mobile_robot/launch/localization.launch.py -> /home/joaco/ws_mobile/install/mobile_robot/share/mobile_robot/launch
symbolically linking /home/joaco/ws_mobile/build/mobile_robot/launch/slam.launch.py -> /home/joaco/ws_mobile/install/mobile_robot/share/mobile_robot/launch
symbolically linking /home/joaco/ws_mobile/build/mobile_robot/launch/gazebo_model.launch.py -> /home/joaco/ws_mobile/install/mobile_robot/share/mobile_robot/launch
symbolically linking /home/joaco/ws_mobile/build/mobile_robot/launch/gazebo_model.launch copy.py -> /home/joaco/ws_mobile/install/mobile_robot/share/mobile_robot/launch
creating /home/joaco/ws_mobile/install/mobile_robot/share/mobile_robot/world
symbolically linking /home/joaco/ws_mobile/build/mobile_robot/world/laberinto_prueba.sdf -> /home/joaco/ws_mobile/install/mobile_robot/share/mobile_robot/world
symbolically linking /home/joaco/ws_mobile/build/mobile_robot/world/maze.sdf -> /home/joaco/ws_mobile/install/mobile_robot/share/mobile_robot/world
creating /home/joaco/ws_mobile/install/mobile_robot/share/mobile_robot/parameters
symbolically linking /home/joaco/ws_mobile/build/mobile_robot/parameters/amcl_params.yaml -> /home/joaco/ws_mobile/install/mobile_robot/share/mobile_robot/parameters
symbolically linking /home/joaco/ws_mobile/build/mobile_robot/parameters/bridge_parameters.yaml -> /home/joaco/ws_mobile/install/mobile_robot/share/mobile_robot/parameters
symbolically linking /home/joaco/ws_mobile/build/mobile_robot/parameters/slam_params.yaml -> /home/joaco/ws_mobile/install/mobile_robot/share/mobile_robot/parameters
creating /home/joaco/ws_mobile/install/mobile_robot/share/mobile_robot/model
creating /home/joaco/ws_mobile/install/mobile_robot/share/mobile_robot/model/maze_model_rs
creating /home/joaco/ws_mobile/install/mobile_robot/share/mobile_robot/model/maze_model_rs/media
creating /home/joaco/ws_mobile/install/mobile_robot/share/mobile_robot/model/maze_model_rs/thumbnails
symbolically linking /home/joaco/ws_mobile/build/mobile_robot/model/robot.xacro -> /home/joaco/ws_mobile/install/mobile_robot/share/mobile_robot/model
symbolically linking /home/joaco/ws_mobile/build/mobile_robot/model/robot.gazebo -> /home/joaco/ws_mobile/install/mobile_robot/share/mobile_robot/model
creating /home/joaco/ws_mobile/install/mobile_robot/share/mobile_robot/rviz
creating /home/joaco/ws_mobile/install/mobile_robot/share/mobile_robot/maps
symbolically linking /home/joaco/ws_mobile/build/mobile_robot/maps/mi_mapa.yaml -> /home/joaco/ws_mobile/install/mobile_robot/share/mobile_robot/maps
symbolically linking /home/joaco/ws_mobile/build/mobile_robot/maps/mi_mapa.pgm -> /home/joaco/ws_mobile/install/mobile_robot/share/mobile_robot/maps
