running develop
Removing /home/joaco/ws_mobile/install/mobile_robot/lib/python3.12/site-packages/mobile-robot.egg-link (link to .)
running egg_info
writing ../../build/mobile_robot/mobile_robot.egg-info/PKG-INFO
writing dependency_links to ../../build/mobile_robot/mobile_robot.egg-info/dependency_links.txt
writing entry points to ../../build/mobile_robot/mobile_robot.egg-info/entry_points.txt
writing requirements to ../../build/mobile_robot/mobile_robot.egg-info/requires.txt
writing top-level names to ../../build/mobile_robot/mobile_robot.egg-info/top_level.txt
reading manifest file '../../build/mobile_robot/mobile_robot.egg-info/SOURCES.txt'
writing manifest file '../../build/mobile_robot/mobile_robot.egg-info/SOURCES.txt'
running build
running build_py
creating /home/joaco/ws_mobile/build/mobile_robot/build
creating /home/joaco/ws_mobile/build/mobile_robot/build/lib
creating /home/joaco/ws_mobile/build/mobile_robot/build/lib/mobile_robot
copying mobile_robot/lidar_min.py -> /home/joaco/ws_mobile/build/mobile_robot/build/lib/mobile_robot
copying mobile_robot/__init__.py -> /home/joaco/ws_mobile/build/mobile_robot/build/lib/mobile_robot
running install
running install_lib
creating /home/joaco/ws_mobile/install/mobile_robot/lib/python3.12/site-packages/mobile_robot
copying /home/joaco/ws_mobile/build/mobile_robot/build/lib/mobile_robot/lidar_min.py -> /home/joaco/ws_mobile/install/mobile_robot/lib/python3.12/site-packages/mobile_robot
copying /home/joaco/ws_mobile/build/mobile_robot/build/lib/mobile_robot/__init__.py -> /home/joaco/ws_mobile/install/mobile_robot/lib/python3.12/site-packages/mobile_robot
byte-compiling /home/joaco/ws_mobile/install/mobile_robot/lib/python3.12/site-packages/mobile_robot/lidar_min.py to lidar_min.cpython-312.pyc
byte-compiling /home/joaco/ws_mobile/install/mobile_robot/lib/python3.12/site-packages/mobile_robot/__init__.py to __init__.cpython-312.pyc
running install_data
copying resource/mobile_robot -> /home/joaco/ws_mobile/install/mobile_robot/share/ament_index/resource_index/packages
copying package.xml -> /home/joaco/ws_mobile/install/mobile_robot/share/mobile_robot
copying launch/localization.launch.py -> /home/joaco/ws_mobile/install/mobile_robot/share/mobile_robot/launch
copying launch/slam.launch.py -> /home/joaco/ws_mobile/install/mobile_robot/share/mobile_robot/launch
copying launch/gazebo_model.launch.py -> /home/joaco/ws_mobile/install/mobile_robot/share/mobile_robot/launch
copying launch/gazebo_model.launch copy.py -> /home/joaco/ws_mobile/install/mobile_robot/share/mobile_robot/launch
copying world/laberinto_prueba.sdf -> /home/joaco/ws_mobile/install/mobile_robot/share/mobile_robot/world
copying world/maze.sdf -> /home/joaco/ws_mobile/install/mobile_robot/share/mobile_robot/world
copying parameters/amcl_params.yaml -> /home/joaco/ws_mobile/install/mobile_robot/share/mobile_robot/parameters
copying parameters/bridge_parameters.yaml -> /home/joaco/ws_mobile/install/mobile_robot/share/mobile_robot/parameters
copying parameters/slam_params.yaml -> /home/joaco/ws_mobile/install/mobile_robot/share/mobile_robot/parameters
copying model/robot.xacro -> /home/joaco/ws_mobile/install/mobile_robot/share/mobile_robot/model
copying model/robot.gazebo -> /home/joaco/ws_mobile/install/mobile_robot/share/mobile_robot/model
copying maps/mi_mapa.yaml -> /home/joaco/ws_mobile/install/mobile_robot/share/mobile_robot/maps
copying maps/mi_mapa.pgm -> /home/joaco/ws_mobile/install/mobile_robot/share/mobile_robot/maps
running install_egg_info
Copying ../../build/mobile_robot/mobile_robot.egg-info to /home/joaco/ws_mobile/install/mobile_robot/lib/python3.12/site-packages/mobile_robot-0.0.0-py3.12.egg-info
running install_scripts
Installing lidar_min script to /home/joaco/ws_mobile/install/mobile_robot/lib/mobile_robot
writing list of installed files to '/home/joaco/ws_mobile/build/mobile_robot/install.log'
